object :empty
alternate Alt
    case i: int
enum AltKind ['i']
