object :empty
enum Status ['good', 'bad', 'ugly']
