object :empty
command eins None -> None
   gen=True success_response=True
command zwei None -> None
   gen=True success_response=True
